<div>
  <h2>index.vue</h2>
  <div>ComplexA</div>
  <div>ComplexB</div>
  <div>ComplexC</div>
</div>