<div>
  <h2>index.vue</h2>
  <complex-a-stub></complex-a-stub>
  <div>
    <h4>ComplexB.vue</h4>
    <complex-c-stub></complex-c-stub>
    <complex-c-stub></complex-c-stub>
  </div>
  <complex-c-stub></complex-c-stub>
</div>