<div>
  <h2>index.vue</h2>
  <complex-a-stub></complex-a-stub>
  <complex-b-stub></complex-b-stub>
  <complex-c-stub></complex-c-stub>
</div>