<div>
  <h2>index.vue</h2>
  <div>ComplexA</div>
  <div>
    <h4>ComplexB.vue</h4>
    <div>ComplexC</div>
    <div>ComplexC</div>
  </div>
  <div>ComplexC</div>
</div>